      1      1.59     1.00           1.00
      2      2.59     1.00           2.00
      3      3.59     1.00           3.00
      4      4.59     1.00           2.00
      5      5.59     1.00           1.00
      6      6.59     1.00           2.00
      7      7.59     1.00           3.00
      8      8.59     1.00           0.00
      9      9.59     1.00           0.00
