      1      1.59     3.00           1.00
      2      2.59     3.00           2.00
      3      2.59     3.00           2.00
      4      1.59     2.00           1.00
      5      2.59     2.00           2.00
      6      3.59     2.00           1.00
      7      1.59     1.00           1.00
      8      2.59     1.00           2.00
      9      3.59     1.00           2.00
