 THE MAX Q AT OUTFLOW ELEMENT:        1  IS:      66.61 CFS AT TIME:     1.64
 THE MAX Q AT OUTFLOW ELEMENT:        2  IS:      30.76 CFS AT TIME:     1.64
 THE MAX Q AT OUTFLOW ELEMENT:        3  IS:      20.17 CFS AT TIME:     1.67
 THE MAX Q AT OUTFLOW ELEMENT:        4  IS:      52.57 CFS AT TIME:     1.84
 THE MAX Q AT OUTFLOW ELEMENT:        5  IS:      75.46 CFS AT TIME:     1.85
 THE MAX Q AT OUTFLOW ELEMENT:        6  IS:     106.12 CFS AT TIME:     1.84
 THE MAX Q AT OUTFLOW ELEMENT:        7  IS:      53.45 CFS AT TIME:     1.86
 THE MAX Q AT OUTFLOW ELEMENT:        8  IS:      16.96 CFS AT TIME:     1.85
 THE MAX Q AT OUTFLOW ELEMENT:        9  IS:      30.27 CFS AT TIME:     1.87
 THE MAX Q AT OUTFLOW ELEMENT:       10  IS:      31.00 CFS AT TIME:     1.88
 THE MAX Q AT OUTFLOW ELEMENT:       11  IS:      36.85 CFS AT TIME:     1.89
 THE MAX Q AT OUTFLOW ELEMENT:       12  IS:      54.64 CFS AT TIME:     1.87
 THE MAX Q AT OUTFLOW ELEMENT:       13  IS:      77.53 CFS AT TIME:     1.68
 THE MAX Q AT OUTFLOW ELEMENT:       14  IS:      79.76 CFS AT TIME:     1.68
 THE MAX Q AT OUTFLOW ELEMENT:      519  IS:      37.51 CFS AT TIME:     1.69
 THE MAX Q AT OUTFLOW ELEMENT:      520  IS:      43.75 CFS AT TIME:     1.75
 THE MAX Q AT OUTFLOW ELEMENT:      521  IS:      73.31 CFS AT TIME:     1.75

     ELEMENT     TIME (HRS)     DISCHARGE (CFS)
         1       0.00              0.00
                 0.00              0.00
                 0.10              0.00
                 0.20              0.00
                 0.30              0.00
                 0.40              0.00
                 0.50              0.00
                 0.60              0.00
                 0.70              0.00
                 0.80              0.00
                 0.90              0.00
                 1.00              0.00
                 1.10              0.00
                 1.20              0.00
                 1.30              0.00
                 1.40              0.00
                 1.50              0.00
                 1.60              0.00
                 1.70             49.35
                 1.80             28.01
                 1.90              8.52

     ELEMENT     TIME (HRS)     DISCHARGE (CFS)
         2       0.00              0.00
                 0.00              0.00
                 0.10              0.00
                 0.20              0.00
                 0.30              0.00
                 0.40              0.00
                 0.50              0.00
                 0.60              0.00
                 0.70              0.00
                 0.80              0.00
                 0.90              0.00
                 1.00              0.00
                 1.10              0.00
                 1.20              0.00
                 1.30              0.00
                 1.40              0.00
                 1.50              0.00
                 1.60              0.00
                 1.70             23.42
                 1.80             12.37
                 1.90              9.62

     ELEMENT     TIME (HRS)     DISCHARGE (CFS)
         3       0.00              0.00
                 0.00              0.00
                 0.10              0.00
                 0.20              0.00
                 0.30              0.00
                 0.40              0.00
                 0.50              0.00
                 0.60              0.00
                 0.70              0.00
                 0.80              0.00
                 0.90              0.00
                 1.00              0.00
                 1.10              0.00
                 1.20              0.00
                 1.30              0.00
                 1.40              0.00
                 1.50              0.00
                 1.60              0.00
                 1.70             19.34
                 1.80             15.40
                 1.90             15.60

     ELEMENT     TIME (HRS)     DISCHARGE (CFS)
         4       0.00              0.00
                 0.00              0.00
                 0.10              0.00
                 0.20              0.00
                 0.30              0.00
                 0.40              0.00
                 0.50              0.00
                 0.60              0.00
                 0.70              0.00
                 0.80              0.00
                 0.90              0.00
                 1.00              0.00
                 1.10              0.00
                 1.20              0.00
                 1.30              0.00
                 1.40              0.00
                 1.50              0.00
                 1.60              0.00
                 1.70             29.41
                 1.80             33.18
                 1.90             32.64

     ELEMENT     TIME (HRS)     DISCHARGE (CFS)
         5       0.00              0.00
                 0.00              0.00
                 0.10              0.00
                 0.20              0.00
                 0.30              0.00
                 0.40              0.00
                 0.50              0.00
                 0.60              0.00
                 0.70              0.00
                 0.80              0.00
                 0.90              0.00
                 1.00              0.00
                 1.10              0.00
                 1.20              0.00
                 1.30              0.00
                 1.40              0.00
                 1.50              0.00
                 1.60              0.00
                 1.70             42.48
                 1.80             50.28
                 1.90             49.92

     ELEMENT     TIME (HRS)     DISCHARGE (CFS)
         6       0.00              0.00
                 0.00              0.00
                 0.10              0.00
                 0.20              0.00
                 0.30              0.00
                 0.40              0.00
                 0.50              0.00
                 0.60              0.00
                 0.70              0.00
                 0.80              0.00
                 0.90              0.00
                 1.00              0.00
                 1.10              0.00
                 1.20              0.00
                 1.30              0.00
                 1.40              0.00
                 1.50              0.00
                 1.60              0.00
                 1.70             61.58
                 1.80             75.77
                 1.90             85.52

     ELEMENT     TIME (HRS)     DISCHARGE (CFS)
         7       0.00              0.00
                 0.00              0.00
                 0.10              0.00
                 0.20              0.00
                 0.30              0.00
                 0.40              0.00
                 0.50              0.00
                 0.60              0.00
                 0.70              0.00
                 0.80              0.00
                 0.90              0.00
                 1.00              0.00
                 1.10              0.00
                 1.20              0.00
                 1.30              0.00
                 1.40              0.00
                 1.50              0.00
                 1.60              0.00
                 1.70             29.78
                 1.80             40.14
                 1.90             50.39

     ELEMENT     TIME (HRS)     DISCHARGE (CFS)
         8       0.00              0.00
                 0.00              0.00
                 0.10              0.00
                 0.20              0.00
                 0.30              0.00
                 0.40              0.00
                 0.50              0.00
                 0.60              0.00
                 0.70              0.00
                 0.80              0.00
                 0.90              0.00
                 1.00              0.00
                 1.10              0.00
                 1.20              0.00
                 1.30              0.00
                 1.40              0.00
                 1.50              0.00
                 1.60              0.00
                 1.70              5.83
                 1.80              8.17
                 1.90              9.64

     ELEMENT     TIME (HRS)     DISCHARGE (CFS)
         9       0.00              0.00
                 0.00              0.00
                 0.10              0.00
                 0.20              0.00
                 0.30              0.00
                 0.40              0.00
                 0.50              0.00
                 0.60              0.00
                 0.70              0.00
                 0.80              0.00
                 0.90              0.00
                 1.00              0.00
                 1.10              0.00
                 1.20              0.00
                 1.30              0.00
                 1.40              0.00
                 1.50              0.00
                 1.60              0.00
                 1.70             22.16
                 1.80             23.83
                 1.90             28.57

     ELEMENT     TIME (HRS)     DISCHARGE (CFS)
        10       0.00              0.00
                 0.00              0.00
                 0.10              0.00
                 0.20              0.00
                 0.30              0.00
                 0.40              0.00
                 0.50              0.00
                 0.60              0.00
                 0.70              0.00
                 0.80              0.00
                 0.90              0.00
                 1.00              0.00
                 1.10              0.00
                 1.20              0.00
                 1.30              0.00
                 1.40              0.00
                 1.50              0.00
                 1.60              0.00
                 1.70             10.85
                 1.80             23.59
                 1.90             30.06

     ELEMENT     TIME (HRS)     DISCHARGE (CFS)
        11       0.00              0.00
                 0.00              0.00
                 0.10              0.00
                 0.20              0.00
                 0.30              0.00
                 0.40              0.00
                 0.50              0.00
                 0.60              0.00
                 0.70              0.00
                 0.80              0.00
                 0.90              0.00
                 1.00              0.00
                 1.10              0.00
                 1.20              0.00
                 1.30              0.00
                 1.40              0.00
                 1.50              0.00
                 1.60              0.00
                 1.70             10.15
                 1.80             24.66
                 1.90             36.64

     ELEMENT     TIME (HRS)     DISCHARGE (CFS)
        12       0.00              0.00
                 0.00              0.00
                 0.10              0.00
                 0.20              0.00
                 0.30              0.00
                 0.40              0.00
                 0.50              0.00
                 0.60              0.00
                 0.70              0.00
                 0.80              0.00
                 0.90              0.00
                 1.00              0.00
                 1.10              0.00
                 1.20              0.00
                 1.30              0.00
                 1.40              0.00
                 1.50              0.00
                 1.60              0.00
                 1.70             38.33
                 1.80             50.24
                 1.90             50.85

     ELEMENT     TIME (HRS)     DISCHARGE (CFS)
        13       0.00              0.00
                 0.00              0.00
                 0.10              0.00
                 0.20              0.00
                 0.30              0.00
                 0.40              0.00
                 0.50              0.00
                 0.60              0.00
                 0.70              0.00
                 0.80              0.00
                 0.90              0.00
                 1.00              0.00
                 1.10              0.00
                 1.20              0.00
                 1.30              0.00
                 1.40              0.00
                 1.50              0.00
                 1.60              0.00
                 1.70             67.77
                 1.80             72.52
                 1.90             57.12

     ELEMENT     TIME (HRS)     DISCHARGE (CFS)
        14       0.00              0.00
                 0.00              0.00
                 0.10              0.00
                 0.20              0.00
                 0.30              0.00
                 0.40              0.00
                 0.50              0.00
                 0.60              0.00
                 0.70              0.00
                 0.80              0.00
                 0.90              0.00
                 1.00              0.00
                 1.10              0.00
                 1.20              0.00
                 1.30              0.00
                 1.40              0.00
                 1.50              0.00
                 1.60              0.00
                 1.70             73.91
                 1.80             74.35
                 1.90             54.96

     ELEMENT     TIME (HRS)     DISCHARGE (CFS)
       519       0.00              0.00
                 0.00              0.00
                 0.10              0.00
                 0.20              0.00
                 0.30              0.00
                 0.40              0.00
                 0.50              0.00
                 0.60              0.00
                 0.70              0.00
                 0.80              0.00
                 0.90              0.00
                 1.00              0.00
                 1.10              0.00
                 1.20              0.00
                 1.30              0.00
                 1.40              0.00
                 1.50              0.00
                 1.60              0.00
                 1.70             36.32
                 1.80             34.86
                 1.90             25.32

     ELEMENT     TIME (HRS)     DISCHARGE (CFS)
       520       0.00              0.00
                 0.00              0.00
                 0.10              0.00
                 0.20              0.00
                 0.30              0.00
                 0.40              0.00
                 0.50              0.00
                 0.60              0.00
                 0.70              0.00
                 0.80              0.00
                 0.90              0.00
                 1.00              0.00
                 1.10              0.00
                 1.20              0.00
                 1.30              0.00
                 1.40              0.00
                 1.50              0.00
                 1.60              0.00
                 1.70             43.41
                 1.80             40.26
                 1.90             26.03

     ELEMENT     TIME (HRS)     DISCHARGE (CFS)
       521       0.00              0.00
                 0.00              0.00
                 0.10              0.00
                 0.20              0.00
                 0.30              0.00
                 0.40              0.00
                 0.50              0.00
                 0.60              0.00
                 0.70              0.00
                 0.80              0.00
                 0.90              0.00
                 1.00              0.00
                 1.10              0.00
                 1.20              0.00
                 1.30              0.00
                 1.40              0.00
                 1.50              0.00
                 1.60              0.00
                 1.70             69.22
                 1.80             63.28
                 1.90             40.05
