                    NEGATIVE VOLUME CONSERVATION (ACRE FEET)
              INDICATES EXCESS VOLUME (OUTFLOW + STORAGE > INFLOW)

  SIMULATION TIME     AVERAGE TIMESTEP             VOLUME CONSERVATION
     (HOURS)              (SECONDS)           (ACRE FEET)   PERCENT OF INFLOW

                                SUMMARY.OUT FILE
                  Pro Model - Build No. 16.06.16

      0.001                 5.000               0.000000        0.000000
      0.101                 5.287               0.000000        0.000000
      0.201                 5.805               0.000000        0.000000
      0.300                 6.253               0.000000        0.000000
      0.402                 6.654               0.000000        0.000000
      0.501                 7.017               0.000000        0.000000
      0.601                 7.345               0.000000        0.000000
      0.701                 7.649               0.000000        0.000000
      0.800                 7.931               0.000000        0.000000
      0.900                 8.195               0.000000        0.000000
      1.001                 8.445               0.000000        0.000000
      1.100                 8.679               0.000000        0.000000
      1.200                 7.670               0.000000        0.000001
      1.300                 4.189              -0.000000        0.000000
      1.401                 4.763              -0.000000        0.000000
      1.501                 5.305              -0.000000        0.000000
      1.600                 5.767              -0.000000        0.000000
      1.702                 6.175              -0.000000        0.000000
      1.801                 5.121              -0.000000        0.000000
      1.901                 4.658              -0.000000        0.000000
      2.001                 5.233              -0.000000        0.000000
==================================================================================================================================
                     MASS BALANCE   INFLOW - OUTFLOW VOLUME
==================================================================================================================================
                           *** INFLOW (ACRE-FEET) ***


                                                                   WATER      BULKED W/SEDIMENT

SURFACE WATER INFLOW HYDROGRAPH                                   21.112            34.680
                                                               ---------         ---------

==================================================================================================================================
                           *** SURFACE OUTFLOW (ACRE-FT) ***



          OVERLAND FLOW                                            WATER      BULKED W/SEDIMENT

FLOODPLAIN STORAGE                                                 8.017            12.916

STREET STORAGE                                                     2.598             3.878

FLOODPLAIN OUTFLOW HYDROGRAPH (W/STREETS)                          10.50             17.89
                                                               ---------         ---------

FLOODPLAIN OUTFLOW AND STORAGE                                    21.112            34.680


TOL FLOODPLAIN STORAGE                                             6.846

TOTAL SURFACE OUTFLOW AND STORAGE                                 21.112


==================================================================================================================================
                                 *** TOTALS ***



TOTAL OUTFLOW FROM GRID SYSTEM                                    10.496            17.886


TOTAL VOLUME OF OUTFLOW AND STORAGE                               21.112            34.680


  SURFACE AREA OF INUNDATION REGARDLESS OF THE TIME OF OCCURRENCE: 
  (FOR FLOW DEPTHS GREATER THAN THE "TOL" VALUE TYPICALLY 0.1 FT OR 0.03 M)

THE MAXIMUM INUNDATED AREA IS:                                67.966 ACRES

THE MAXIMUM INUNDATED AREA (DEPTH > 0.5 FT) IS:               41.855 ACRES

==================================================================================================================================



  AVERAGE GRID ELEMENT FLOW DIRECTION FLOODPLAIN HYDRAULICS: 

       DISCHARGE (CFS OR CMS):          11.668
       VELOCITY (FPS OR CMS):            0.877
       FLOW AREA (FT^2 OR M^2):         11.364
       FLOW DEPTH (FT OR M):             0.302
       FLOW WIDTH (FT OR M):            37.963

  TOTAL COMPUTATIONS:               207069.




     COMPUTER RUN TIME IS :  0.00110 HRS

     THIS OUTPUT FILE WAS TERMINATED ON:   2/21/2017  AT:  12: 1:46
