
     TIMESTEPS WERE DECREASED FOR THE FOLLOWING NODES:

  GRID ELEMENT          NUMBER OF TIMESTEP DECREMENTS  PERCENT CHANGE IN DEPTH  CFL STABILITY CRITERIA  DYNAMIC WAVE STABILITY CRITERIA
               CHANNEL VOLUME DECREMENTS IF COURANT IS ZERO


   FLOODPLAIN NODES



   STREET NODES

           486                         9.                             0                       9                           0
           475                         7.                             0                       7                           0
           448                         4.                             0                       4                           0
           277                         1.                             0                       1                           0
           325                         1.                             0                       1                           0
           420                         1.                             0                       1                           0
           434                         1.                             0                       1                           0


  THE LAST ONE HUNDRED TIMESTEP DECREASES - 1 IS THE MOST RECENT TIMESTEP DECREASE
          TIMESTEP          NODE

               1                 0  ??
               2                 0  ??
               3                 0  ??
               4                 0  ??
               5                 0  ??
               6                 0  ??
               7                 0  ??
               8                 0  ??
               9                 0  ??
              10                 0  ??
              11                 0  ??
              12                 0  ??
              13                 0  ??
              14                 0  ??
              15                 0  ??
              16                 0  ??
              17                 0  ??
              18                 0  ??
              19                 0  ??
              20                 0  ??
              21                 0  ??
              22                 0  ??
              23                 0  ??
              24                 0  ??
              25                 0  ??
              26                 0  ??
              27                 0  ??
              28                 0  ??
              29                 0  ??
              30                 0  ??
              31                 0  ??
              32                 0  ??
              33                 0  ??
              34                 0  ??
              35                 0  ??
              36                 0  ??
              37                 0  ??
              38                 0  ??
              39                 0  ??
              40                 0  ??
              41                 0  ??
              42                 0  ??
              43                 0  ??
              44                 0  ??
              45                 0  ??
              46                 0  ??
              47                 0  ??
              48                 0  ??
              49                 0  ??
              50                 0  ??
              51                 0  ??
              52                 0  ??
              53                 0  ??
              54                 0  ??
              55                 0  ??
              56                 0  ??
              57                 0  ??
              58                 0  ??
              59                 0  ??
              60                 0  ??
              61                 0  ??
              62                 0  ??
              63                 0  ??
              64                 0  ??
              65                 0  ??
              66                 0  ??
              67                 0  ??
              68                 0  ??
              69                 0  ??
              70                 0  ??
              71                 0  ??
              72                 0  ??
              73                 0  ??
              74                 0  ??
              75                 0  ??
              76               434  ST
              77               475  ST
              78               475  ST
              79               486  ST
              80               486  ST
              81               486  ST
              82               486  ST
              83               486  ST
              84               486  ST
              85               486  ST
              86               486  ST
              87               277  ST
              88               325  ST
              89               475  ST
              90               475  ST
              91               475  ST
              92               420  ST
              93               448  ST
              94               448  ST
              95               448  ST
              96               448  ST
              97               475  ST
              98               475  ST
              99               486  ST
             100                 0  ??
